******************************************************************************
                  TI ARM Linker PC v16.9.7                     
******************************************************************************
>> Linked Sun Apr 08 11:50:20 2018

OUTPUT FILE NAME:   <Prob2.out>
ENTRY POINT SYMBOL: "_c_int00"  address: 00000915


MEMORY CONFIGURATION

         name            origin    length      used     unused   attr    fill
----------------------  --------  ---------  --------  --------  ----  --------
  FLASH                 00000000   00100000  00000ff8  000ff008  R  X
  SRAM                  20000000   00040000  0000011c  0003fee4  RW X


SEGMENT ALLOCATION MAP

run origin  load origin   length   init length attrs members
----------  ----------- ---------- ----------- ----- -------
00000000    00000000    00000ff8   00000ff8    r-x
  00000000    00000000    00000200   00000200    r-- .intvecs
  00000200    00000200    00000a6c   00000a6c    r-x .text
  00000c6c    00000c6c    00000354   00000354    r-- .const
  00000fc0    00000fc0    00000038   00000038    r-- .cinit
20000000    20000000    0000011c   00000000    rw-
  20000000    20000000    00000100   00000000    rw- .stack
  20000100    20000100    00000018   00000000    rw- .data
  20000118    20000118    00000004   00000000    rw- .bss


SECTION ALLOCATION MAP

 output                                  attributes/
section   page    origin      length       input sections
--------  ----  ----------  ----------   ----------------
.intvecs   0    00000000    00000200     
                  00000000    00000200     startup_ccs.obj (.intvecs)

.text      0    00000200    00000a6c     
                  00000200    000001ec     driverlib.lib : sysctl.obj (.text:SysCtlClockFreqSet)
                  000003ec    000001a0     main.obj (.text:main)
                  0000058c    00000132     driverlib.lib : gpio.obj (.text:GPIOPadConfigSet)
                  000006be    0000009c     rtsv7M4_T_le_v4SPD16_eabi.lib : memcpy_t2.obj (.text)
                  0000075a    0000007a                                   : memset_t2.obj (.text)
                  000007d4    00000070                                   : autoinit.obj (.text)
                  00000844    00000068     driverlib.lib : interrupt.obj (.text:IntEnable)
                  000008ac    00000068     rtsv7M4_T_le_v4SPD16_eabi.lib : copy_decompress_lzss.obj (.text:decompress:lzss)
                  00000914    00000054                                   : boot.obj (.text)
                  00000968    00000054                                   : exit.obj (.text)
                  000009bc    0000004c                                   : cpy_tbl.obj (.text)
                  00000a08    00000048     driverlib.lib : gpio.obj (.text:GPIOPinConfigure)
                  00000a50    00000048                   : sysctl.obj (.text:_SysCtlFrequencyGet)
                  00000a98    00000046                   : uart.obj (.text:UARTConfigSetExpClk)
                  00000ade    00000002     startup_ccs.obj (.text:FaultISR)
                  00000ae0    00000034     driverlib.lib : sysctl.obj (.text:SysCtlPeripheralEnable)
                  00000b14    0000002a                   : gpio.obj (.text:GPIODirModeSet)
                  00000b3e    00000002     startup_ccs.obj (.text:IntDefaultHandler)
                  00000b40    00000028     main.obj (.text:UARTSend)
                  00000b68    00000020     driverlib.lib : uart.obj (.text:UARTDisable)
                  00000b88    00000020                   : sysctl.obj (.text:_SysCtlMemTimingGet)
                  00000ba8    00000018                   : gpio.obj (.text:GPIOPinTypeGPIOOutput)
                  00000bc0    00000018     rtsv7M4_T_le_v4SPD16_eabi.lib : args_main.obj (.text)
                  00000bd8    00000014     driverlib.lib : uart.obj (.text:UARTEnable)
                  00000bec    00000014     rtsv7M4_T_le_v4SPD16_eabi.lib : _lock.obj (.text)
                  00000c00    00000012     driverlib.lib : gpio.obj (.text:GPIOPinTypeUART)
                  00000c12    00000010                   : interrupt.obj (.text:IntMasterEnable)
                  00000c22    0000000e     rtsv7M4_T_le_v4SPD16_eabi.lib : copy_decompress_none.obj (.text:decompress:none)
                  00000c30    0000000c     driverlib.lib : cpu.obj (.text:CPUcpsie)
                  00000c3c    0000000c     rtsv7M4_T_le_v4SPD16_eabi.lib : copy_zero_init.obj (.text:decompress:ZI)
                  00000c48    00000008     driverlib.lib : uart.obj (.text:UARTIntEnable)
                  00000c50    00000006                   : gpio.obj (.text:GPIOPinWrite)
                  00000c56    00000006     startup_ccs.obj (.text:ResetISR)
                  00000c5c    00000006     driverlib.lib : sysctl.obj (.text:SysCtlDelay)
                  00000c62    00000004     rtsv7M4_T_le_v4SPD16_eabi.lib : pre_init.obj (.text)
                  00000c66    00000002     startup_ccs.obj (.text:NmiSR)
                  00000c68    00000002     rtsv7M4_T_le_v4SPD16_eabi.lib : mpu_init.obj (.text)
                  00000c6a    00000002                                   : startup.obj (.text)

.const     0    00000c6c    00000354     
                  00000c6c    000001b0     driverlib.lib : sysctl.obj (.const:g_pppui32XTALtoVCO)
                  00000e1c    00000090                   : gpio.obj (.const:g_pui32GPIOBaseAddrs)
                  00000eac    00000070                   : interrupt.obj (.const)
                  00000f1c    0000006c                   : sysctl.obj (.const:g_pui32Xtals)
                  00000f88    00000030                   : sysctl.obj (.const:g_sXTALtoMEMTIM)
                  00000fb8    00000008                   : sysctl.obj (.const)

.cinit     0    00000fc0    00000038     
                  00000fc0    00000011     (.cinit..data.load) [load image, compression = lzss]
                  00000fd1    00000003     --HOLE-- [fill = 0]
                  00000fd4    0000000c     (__TI_handler_table)
                  00000fe0    00000008     (.cinit..bss.load) [load image, compression = zero_init]
                  00000fe8    00000010     (__TI_cinit_table)

.init_array 
*          0    00000000    00000000     UNINITIALIZED

.stack     0    20000000    00000100     UNINITIALIZED
                  20000000    00000100     --HOLE--

.data      0    20000100    00000018     UNINITIALIZED
                  20000100    0000000c     rtsv7M4_T_le_v4SPD16_eabi.lib : exit.obj (.data:$O1$$)
                  2000010c    00000008                                   : _lock.obj (.data:$O1$$)
                  20000114    00000004                                   : stkdepth_vars.obj (.data)

.bss       0    20000118    00000004     UNINITIALIZED
                  20000118    00000004     (.common:g_ui32SysClock)

MODULE SUMMARY

       Module                     code   ro data   rw data
       ------                     ----   -------   -------
    .\
       startup_ccs.obj            12     512       0      
       main.obj                   456    0         4      
    +--+--------------------------+------+---------+---------+
       Total:                     468    512       4      
                                                          
    C:/ti/TivaWare_C_Series-2.1.3.156/driverlib/ccs/Debug/driverlib.lib
       sysctl.obj                 654    596       0      
       gpio.obj                   468    144       0      
       interrupt.obj              120    112       0      
       uart.obj                   130    0         0      
       cpu.obj                    12     0         0      
    +--+--------------------------+------+---------+---------+
       Total:                     1384   852       0      
                                                          
    C:\ti\ccsv8\tools\compiler\ti-cgt-arm_16.9.7.LTS\lib\rtsv7M4_T_le_v4SPD16_eabi.lib
       memcpy_t2.obj              156    0         0      
       memset_t2.obj              122    0         0      
       autoinit.obj               112    0         0      
       copy_decompress_lzss.obj   104    0         0      
       exit.obj                   84     0         12     
       boot.obj                   84     0         0      
       cpy_tbl.obj                76     0         0      
       _lock.obj                  20     0         8      
       args_main.obj              24     0         0      
       copy_decompress_none.obj   14     0         0      
       copy_zero_init.obj         12     0         0      
       pre_init.obj               4      0         0      
       stkdepth_vars.obj          0      0         4      
       mpu_init.obj               2      0         0      
       startup.obj                2      0         0      
    +--+--------------------------+------+---------+---------+
       Total:                     816    0         24     
                                                          
       Stack:                     0      0         256    
       Linker Generated:          0      53        0      
    +--+--------------------------+------+---------+---------+
       Grand Total:               2668   1417      284    


LINKER GENERATED COPY TABLES

__TI_cinit_table @ 00000fe8 records: 2, size/record: 8, table size: 16
	.data: load addr=00000fc0, load size=00000011 bytes, run addr=20000100, run size=00000018 bytes, compression=lzss
	.bss: load addr=00000fe0, load size=00000008 bytes, run addr=20000118, run size=00000004 bytes, compression=zero_init


LINKER GENERATED HANDLER TABLE

__TI_handler_table @ 00000fd4 records: 3, size/record: 4, table size: 12
	index: 0, handler: __TI_decompress_lzss
	index: 1, handler: __TI_decompress_none
	index: 2, handler: __TI_zero_init


GLOBAL SYMBOLS: SORTED ALPHABETICALLY BY Name 

address   name                           
-------   ----                           
00000969  C$$EXIT                        
00000c31  CPUcpsie                       
00000b15  GPIODirModeSet                 
0000058d  GPIOPadConfigSet               
00000a09  GPIOPinConfigure               
00000ba9  GPIOPinTypeGPIOOutput          
00000c01  GPIOPinTypeUART                
00000c51  GPIOPinWrite                   
00000845  IntEnable                      
00000c13  IntMasterEnable                
00000c57  ResetISR                       
UNDEFED   SHT$$INIT_ARRAY$$Base          
UNDEFED   SHT$$INIT_ARRAY$$Limit         
00000201  SysCtlClockFreqSet             
00000c5d  SysCtlDelay                    
00000ae1  SysCtlPeripheralEnable         
00000a99  UARTConfigSetExpClk            
00000b69  UARTDisable                    
00000bd9  UARTEnable                     
00000c49  UARTIntEnable                  
00000b41  UARTSend                       
20000100  __STACK_END                    
00000100  __STACK_SIZE                   
20000100  __STACK_TOP                    
00000fe8  __TI_CINIT_Base                
00000ff8  __TI_CINIT_Limit               
00000fd4  __TI_Handler_Table_Base        
00000fe0  __TI_Handler_Table_Limit       
000007d5  __TI_auto_init                 
20000100  __TI_cleanup_ptr               
000008ad  __TI_decompress_lzss           
00000c23  __TI_decompress_none           
20000104  __TI_dtors_ptr                 
20000108  __TI_enable_exit_profile_output
ffffffff  __TI_pprof_out_hndl            
ffffffff  __TI_prof_data_size            
ffffffff  __TI_prof_data_start           
00000000  __TI_static_base__             
00000c3d  __TI_zero_init                 
0000075b  __aeabi_memclr                 
0000075b  __aeabi_memclr4                
0000075b  __aeabi_memclr8                
000006bf  __aeabi_memcpy                 
000006bf  __aeabi_memcpy4                
000006bf  __aeabi_memcpy8                
0000075d  __aeabi_memset                 
0000075d  __aeabi_memset4                
0000075d  __aeabi_memset8                
ffffffff  __binit__                      
ffffffff  __c_args__                     
00000c69  __mpu_init                     
20000000  __stack                        
00000bc1  _args_main                     
00000915  _c_int00                       
2000010c  _lock                          
00000bfb  _nop                           
00000bf3  _register_lock                 
00000bed  _register_unlock               
00000c6b  _system_post_cinit             
00000c63  _system_pre_init               
20000110  _unlock                        
0000096d  abort                          
ffffffff  binit                          
000009bd  copy_in                        
00000975  exit                           
00000000  g_pfnVectors                   
20000118  g_ui32SysClock                 
000003ed  main                           
20000114  main_func_sp                   
000006bf  memcpy                         
00000763  memset                         


GLOBAL SYMBOLS: SORTED BY Symbol Address 

address   name                           
-------   ----                           
00000000  __TI_static_base__             
00000000  g_pfnVectors                   
00000100  __STACK_SIZE                   
00000201  SysCtlClockFreqSet             
000003ed  main                           
0000058d  GPIOPadConfigSet               
000006bf  __aeabi_memcpy                 
000006bf  __aeabi_memcpy4                
000006bf  __aeabi_memcpy8                
000006bf  memcpy                         
0000075b  __aeabi_memclr                 
0000075b  __aeabi_memclr4                
0000075b  __aeabi_memclr8                
0000075d  __aeabi_memset                 
0000075d  __aeabi_memset4                
0000075d  __aeabi_memset8                
00000763  memset                         
000007d5  __TI_auto_init                 
00000845  IntEnable                      
000008ad  __TI_decompress_lzss           
00000915  _c_int00                       
00000969  C$$EXIT                        
0000096d  abort                          
00000975  exit                           
000009bd  copy_in                        
00000a09  GPIOPinConfigure               
00000a99  UARTConfigSetExpClk            
00000ae1  SysCtlPeripheralEnable         
00000b15  GPIODirModeSet                 
00000b41  UARTSend                       
00000b69  UARTDisable                    
00000ba9  GPIOPinTypeGPIOOutput          
00000bc1  _args_main                     
00000bd9  UARTEnable                     
00000bed  _register_unlock               
00000bf3  _register_lock                 
00000bfb  _nop                           
00000c01  GPIOPinTypeUART                
00000c13  IntMasterEnable                
00000c23  __TI_decompress_none           
00000c31  CPUcpsie                       
00000c3d  __TI_zero_init                 
00000c49  UARTIntEnable                  
00000c51  GPIOPinWrite                   
00000c57  ResetISR                       
00000c5d  SysCtlDelay                    
00000c63  _system_pre_init               
00000c69  __mpu_init                     
00000c6b  _system_post_cinit             
00000fd4  __TI_Handler_Table_Base        
00000fe0  __TI_Handler_Table_Limit       
00000fe8  __TI_CINIT_Base                
00000ff8  __TI_CINIT_Limit               
20000000  __stack                        
20000100  __STACK_END                    
20000100  __STACK_TOP                    
20000100  __TI_cleanup_ptr               
20000104  __TI_dtors_ptr                 
20000108  __TI_enable_exit_profile_output
2000010c  _lock                          
20000110  _unlock                        
20000114  main_func_sp                   
20000118  g_ui32SysClock                 
ffffffff  __TI_pprof_out_hndl            
ffffffff  __TI_prof_data_size            
ffffffff  __TI_prof_data_start           
ffffffff  __binit__                      
ffffffff  __c_args__                     
ffffffff  binit                          
UNDEFED   SHT$$INIT_ARRAY$$Base          
UNDEFED   SHT$$INIT_ARRAY$$Limit         

[71 symbols]
