******************************************************************************
                  TI ARM Linker PC v16.9.7                     
******************************************************************************
>> Linked Sun Apr 08 11:41:16 2018

OUTPUT FILE NAME:   <prob4.out>
ENTRY POINT SYMBOL: "_c_int00"  address: 00002db1


MEMORY CONFIGURATION

         name            origin    length      used     unused   attr    fill
----------------------  --------  ---------  --------  --------  ----  --------
  FLASH                 00000000   00100000  000038f0  000fc710  R  X
  SRAM                  20000000   00040000  0000cb8c  00033474  RW X


SEGMENT ALLOCATION MAP

run origin  load origin   length   init length attrs members
----------  ----------- ---------- ----------- ----- -------
00000000    00000000    000038f0   000038f0    r-x
  00000000    00000000    00000200   00000200    r-- .intvecs
  00000200    00000200    000033ac   000033ac    r-x .text
  000035ac    000035ac    00000304   00000304    r-- .const
  000038b0    000038b0    00000040   00000040    r-- .cinit
20000000    20000000    0000cb8c   00000000    rw-
  20000000    20000000    0000c914   00000000    rw- .bss
  2000c914    2000c914    00000200   00000000    rw- .stack
  2000cb14    2000cb14    00000078   00000000    rw- .data


SECTION ALLOCATION MAP

 output                                  attributes/
section   page    origin      length       input sections
--------  ----  ----------  ----------   ----------------
.intvecs   0    00000000    00000200     
                  00000000    00000200     startup_ccs.obj (.intvecs)

.text      0    00000200    000033ac     
                  00000200    000001ec     driverlib.lib : sysctl.obj (.text:SysCtlClockFreqSet)
                  000003ec    000001bc     queue.obj (.text:xQueueGenericSend)
                  000005a8    00000188     queue.obj (.text:xQueueReceive)
                  00000730    00000174     main.obj (.text:main)
                  000008a4    0000016c     port.obj (.text:vPortSuppressTicksAndSleep)
                  00000a10    00000168     tasks.obj (.text:xTaskIncrementTick)
                  00000b78    00000150     timers.obj (.text:prvProcessReceivedCommands)
                  00000cc8    0000013c     tasks.obj (.text:xTaskGenericNotify)
                  00000e04    00000134     tasks.obj (.text:xTaskResumeAll)
                  00000f38    00000132     driverlib.lib : gpio.obj (.text:GPIOPadConfigSet)
                  0000106a    00000002     startup_ccs.obj (.text:FaultISR)
                  0000106c    0000011c     main.obj (.text:vTask3)
                  00001188    00000110     tasks.obj (.text:vTaskSuspend)
                  00001298    0000010b     tasks.obj (.text:prvInitialiseNewTask)
                  000013a3    00000001     --HOLE-- [fill = 0]
                  000013a4    0000010b     queue.obj (.text:xQueueGenericSendFromISR)
                  000014af    00000001     --HOLE-- [fill = 0]
                  000014b0    000000fc     port.obj (.text:xPortStartScheduler)
                  000015ac    000000f0     tasks.obj (.text:xTaskPriorityDisinherit)
                  0000169c    000000da     portasm.obj (.text)
                  00001776    00000002     startup_ccs.obj (.text:IntDefaultHandler)
                  00001778    000000d0     timers.obj (.text:prvSwitchTimerLists)
                  00001848    000000cc     queue.obj (.text:xQueueGenericReset)
                  00001914    000000c4     tasks.obj (.text:prvAddNewTaskToReadyList)
                  000019d8    000000c0     tasks.obj (.text:xTaskCheckForTimeOut)
                  00001a98    000000c0     tasks.obj (.text:xTaskRemoveFromEventList)
                  00001b58    000000be     queue.obj (.text:prvCopyDataToQueue)
                  00001c16    00000002     startup_ccs.obj (.text:NmiSR)
                  00001c18    000000b4     tasks.obj (.text:vTaskResume)
                  00001ccc    000000b0     tasks.obj (.text:prvAddCurrentTaskToDelayedList)
                  00001d7c    000000ac     tasks.obj (.text:vTaskSwitchContext)
                  00001e28    000000ac     tasks.obj (.text:xTaskNotifyWait)
                  00001ed4    000000aa     queue.obj (.text:prvUnlockQueue)
                  00001f7e    00000002     rtsv7M4_T_le_v4SPD16_eabi.lib : mpu_init.obj (.text)
                  00001f80    000000a8     tasks.obj (.text:vTaskStartScheduler)
                  00002028    0000009c     rtsv7M4_T_le_v4SPD16_eabi.lib : memcpy_t2.obj (.text)
                  000020c4    0000009c     timers.obj (.text:xTimerGenericCommand)
                  00002160    00000098     port.obj (.text:vPortValidateInterruptPriority)
                  000021f8    00000090     tasks.obj (.text:prvIdleTask)
                  00002288    00000088     timers.obj (.text:prvProcessExpiredTimer)
                  00002310    00000088     main.obj (.text:vTimer4hzCallbackFunction)
                  00002398    00000084     timers.obj (.text:prvProcessTimerOrBlockTask)
                  0000241c    0000007c     heap_1.obj (.text:pvPortMalloc)
                  00002498    0000007b     queue.obj (.text:xQueueGenericCreate)
                  00002513    00000001     --HOLE-- [fill = 0]
                  00002514    0000007a     rtsv7M4_T_le_v4SPD16_eabi.lib : memset_t2.obj (.text)
                  0000258e    0000007a     tasks.obj (.text:xTaskCreate)
                  00002608    00000078     timers.obj (.text:prvInsertTimerInActiveList)
                  00002680    00000078     port.obj (.text:vPortEnterCritical)
                  000026f8    00000074     tasks.obj (.text:prvInitialiseTaskLists)
                  0000276c    00000074     tasks.obj (.text:prvTaskIsTaskSuspended)
                  000027e0    00000070     timers.obj (.text:prvInitialiseNewTimer)
                  00002850    00000070     rtsv7M4_T_le_v4SPD16_eabi.lib : autoinit.obj (.text)
                  000028c0    00000068                                   : copy_decompress_lzss.obj (.text:decompress:lzss)
                  00002928    00000068     tasks.obj (.text:prvGetExpectedIdleTime)
                  00002990    00000068     main.obj (.text:vTask1)
                  000029f8    00000068     main.obj (.text:vTask2)
                  00002a60    00000068     timers.obj (.text:xTimerCreateTimerTask)
                  00002ac8    00000066     list.obj (.text:vListInsert)
                  00002b2e    00000002     rtsv7M4_T_le_v4SPD16_eabi.lib : startup.obj (.text)
                  00002b30    00000060     port.obj (.text:prvTaskExitError)
                  00002b90    00000060     port.obj (.text:pxPortInitialiseStack)
                  00002bf0    0000005c     port.obj (.text:vPortExitCritical)
                  00002c4c    0000005c     queue.obj (.text:vQueueWaitForMessageRestricted)
                  00002ca8    00000058     tasks.obj (.text:eTaskConfirmSleepModeStatus)
                  00002d00    00000058     port.obj (.text:vPortSetupTimerInterrupt)
                  00002d58    00000058     tasks.obj (.text:vTaskPlaceOnEventListRestricted)
                  00002db0    00000054     rtsv7M4_T_le_v4SPD16_eabi.lib : boot.obj (.text)
                  00002e04    00000054                                   : exit.obj (.text)
                  00002e58    00000054     tasks.obj (.text:vTaskStepTick)
                  00002eac    0000004c     timers.obj (.text:prvCheckForValidListAndQueue)
                  00002ef8    0000004c     tasks.obj (.text:prvCheckTasksWaitingTermination)
                  00002f44    0000004c     rtsv7M4_T_le_v4SPD16_eabi.lib : cpy_tbl.obj (.text)
                  00002f90    0000004c     tasks.obj (.text:vTaskPlaceOnEventList)
                  00002fdc    00000048     driverlib.lib : gpio.obj (.text:GPIOPinConfigure)
                  00003024    00000048                   : sysctl.obj (.text:_SysCtlFrequencyGet)
                  0000306c    00000048     list.obj (.text:uxListRemove)
                  000030b4    00000048     main.obj (.text:vTimer2hzCallbackFunction)
                  000030fc    00000045     heap_1.obj (.text:vPortFree)
                  00003141    00000001     --HOLE-- [fill = 0]
                  00003142    00000044     queue.obj (.text:prvInitialiseNewQueue)
                  00003186    0000003c     queue.obj (.text:prvCopyDataFromQueue)
                  000031c2    00000002     --HOLE-- [fill = 0]
                  000031c4    0000003c     tasks.obj (.text:prvResetNextTaskUnblockTime)
                  00003200    0000003c     list.obj (.text:vListInsertEnd)
                  0000323c    00000038     driverlib.lib : sysctl.obj (.text:SysCtlPeripheralReady)
                  00003274    00000038     main.obj (.text:UARTSend)
                  000032ac    00000038     timers.obj (.text:prvGetNextExpireTime)
                  000032e4    00000034     driverlib.lib : sysctl.obj (.text:SysCtlPeripheralEnable)
                  00003318    00000034     timers.obj (.text:prvSampleTimeNow)
                  0000334c    00000034     timers.obj (.text:xTimerCreate)
                  00003380    00000030     list.obj (.text:vListInitialise)
                  000033b0    00000030     tasks.obj (.text:xTaskGetSchedulerState)
                  000033e0    0000002c     port.obj (.text:xPortSysTickHandler)
                  0000340c    0000002a     driverlib.lib : gpio.obj (.text:GPIODirModeSet)
                  00003436    00000026     queue.obj (.text:prvIsQueueFull)
                  0000345c    00000024     tasks.obj (.text:vTaskInternalSetTimeOutState)
                  00003480    00000020     driverlib.lib : sysctl.obj (.text:_SysCtlMemTimingGet)
                  000034a0    00000020     queue.obj (.text:prvIsQueueEmpty)
                  000034c0    0000001a     timers.obj (.text:prvTimerTask)
                  000034da    00000018     driverlib.lib : gpio.obj (.text:GPIOPinTypeGPIOOutput)
                  000034f2    00000002     --HOLE-- [fill = 0]
                  000034f4    00000018     rtsv7M4_T_le_v4SPD16_eabi.lib : args_main.obj (.text)
                  0000350c    00000014     tasks.obj (.text:prvDeleteTCB)
                  00003520    00000014     rtsv7M4_T_le_v4SPD16_eabi.lib : _lock.obj (.text)
                  00003534    00000014     tasks.obj (.text:xTaskGetTickCount)
                  00003548    00000010     list.obj (.text:vListInitialiseItem)
                  00003558    00000010     tasks.obj (.text:vTaskSuspendAll)
                  00003568    0000000e     rtsv7M4_T_le_v4SPD16_eabi.lib : copy_decompress_none.obj (.text:decompress:none)
                  00003576    0000000c                                   : copy_zero_init.obj (.text:decompress:ZI)
                  00003582    0000000c     callbacks.obj (.text:vMainAssertCalled)
                  0000358e    00000002     --HOLE-- [fill = 0]
                  00003590    0000000c     tasks.obj (.text:vTaskMissedYield)
                  0000359c    00000006     driverlib.lib : gpio.obj (.text:GPIOPinWrite)
                  000035a2    00000006     startup_ccs.obj (.text:ResetISR)
                  000035a8    00000004     rtsv7M4_T_le_v4SPD16_eabi.lib : pre_init.obj (.text)

.const     0    000035ac    00000304     
                  000035ac    000001b0     driverlib.lib : sysctl.obj (.const:g_pppui32XTALtoVCO)
                  0000375c    00000090                   : gpio.obj (.const:g_pui32GPIOBaseAddrs)
                  000037ec    0000006c                   : sysctl.obj (.const:g_pui32Xtals)
                  00003858    00000030                   : sysctl.obj (.const:g_sXTALtoMEMTIM)
                  00003888    0000000c     main.obj (.const:$P$T0$1)
                  00003894    0000000c     main.obj (.const:$P$T1$2)
                  000038a0    00000008     driverlib.lib : sysctl.obj (.const)
                  000038a8    00000008     port.obj (.const)

.cinit     0    000038b0    00000040     
                  000038b0    0000001c     (.cinit..data.load) [load image, compression = lzss]
                  000038cc    0000000c     (__TI_handler_table)
                  000038d8    00000008     (.cinit..bss.load) [load image, compression = zero_init]
                  000038e0    00000010     (__TI_cinit_table)

.init_array 
*          0    00000000    00000000     UNINITIALIZED

.bss       0    20000000    0000c914     UNINITIALIZED
                  20000000    0000c800     heap_1.obj (.bss:ucHeap)
                  2000c800    00000064     tasks.obj (.bss:pxReadyTasksLists)
                  2000c864    00000014     timers.obj (.bss:xActiveTimerList1)
                  2000c878    00000014     timers.obj (.bss:xActiveTimerList2)
                  2000c88c    00000014     tasks.obj (.bss:xDelayedTaskList1)
                  2000c8a0    00000014     tasks.obj (.bss:xDelayedTaskList2)
                  2000c8b4    00000014     tasks.obj (.bss:xPendingReadyList)
                  2000c8c8    00000014     tasks.obj (.bss:xSuspendedTaskList)
                  2000c8dc    00000014     tasks.obj (.bss:xTasksWaitingTermination)
                  2000c8f0    00000008     tasks.obj (.bss)
                  2000c8f8    00000008     timers.obj (.bss)
                  2000c900    00000004     (.common:QHandle)
                  2000c904    00000004     (.common:Task1Handle)
                  2000c908    00000004     (.common:Task2Handle)
                  2000c90c    00000004     (.common:Task3Handle)
                  2000c910    00000004     (.common:g_ui32SysClock)

.stack     0    2000c914    00000200     UNINITIALIZED
                  2000c914    00000200     --HOLE--

.data      0    2000cb14    00000078     UNINITIALIZED
                  2000cb14    00000034     tasks.obj (.data)
                  2000cb48    00000018     port.obj (.data)
                  2000cb60    0000000c     rtsv7M4_T_le_v4SPD16_eabi.lib : exit.obj (.data:$O1$$)
                  2000cb6c    0000000c     timers.obj (.data)
                  2000cb78    00000008     rtsv7M4_T_le_v4SPD16_eabi.lib : _lock.obj (.data:$O1$$)
                  2000cb80    00000008     heap_1.obj (.data)
                  2000cb88    00000004     rtsv7M4_T_le_v4SPD16_eabi.lib : stkdepth_vars.obj (.data)

MODULE SUMMARY

       Module                     code    ro data   rw data
       ------                     ----    -------   -------
    .\
       main.obj                   1128    24        20     
       startup_ccs.obj            12      512       0      
       callbacks.obj              12      0         0      
    +--+--------------------------+-------+---------+---------+
       Total:                     1152    536       20     
                                                           
    .\FreeRTOS\Source\
       tasks.obj                  4437    0         260    
       queue.obj                  2080    0         0      
       timers.obj                 1566    0         60     
       list.obj                   298     0         0      
    +--+--------------------------+-------+---------+---------+
       Total:                     8381    0         320    
                                                           
    .\FreeRTOS\Source\portable\CCS\ARM_CM4F\
       port.obj                   1304    8         24     
       portasm.obj                218     0         0      
    +--+--------------------------+-------+---------+---------+
       Total:                     1522    8         24     
                                                           
    .\FreeRTOS\Source\portable\MemMang\
       heap_1.obj                 193     0         51208  
    +--+--------------------------+-------+---------+---------+
       Total:                     193     0         51208  
                                                           
    C:/ti/TivaWare_C_Series-2.1.3.156/driverlib/ccs/Debug/driverlib.lib
       sysctl.obj                 704     596       0      
       gpio.obj                   450     144       0      
    +--+--------------------------+-------+---------+---------+
       Total:                     1154    740       0      
                                                           
    C:\ti\ccsv8\tools\compiler\ti-cgt-arm_16.9.7.LTS\lib\rtsv7M4_T_le_v4SPD16_eabi.lib
       memcpy_t2.obj              156     0         0      
       memset_t2.obj              122     0         0      
       autoinit.obj               112     0         0      
       copy_decompress_lzss.obj   104     0         0      
       exit.obj                   84      0         12     
       boot.obj                   84      0         0      
       cpy_tbl.obj                76      0         0      
       _lock.obj                  20      0         8      
       args_main.obj              24      0         0      
       copy_decompress_none.obj   14      0         0      
       copy_zero_init.obj         12      0         0      
       pre_init.obj               4       0         0      
       stkdepth_vars.obj          0       0         4      
       mpu_init.obj               2       0         0      
       startup.obj                2       0         0      
    +--+--------------------------+-------+---------+---------+
       Total:                     816     0         24     
                                                           
       Stack:                     0       0         512    
       Linker Generated:          0       64        0      
    +--+--------------------------+-------+---------+---------+
       Grand Total:               13218   1348      52108  


LINKER GENERATED COPY TABLES

__TI_cinit_table @ 000038e0 records: 2, size/record: 8, table size: 16
	.data: load addr=000038b0, load size=0000001c bytes, run addr=2000cb14, run size=00000078 bytes, compression=lzss
	.bss: load addr=000038d8, load size=00000008 bytes, run addr=20000000, run size=0000c914 bytes, compression=zero_init


LINKER GENERATED HANDLER TABLE

__TI_handler_table @ 000038cc records: 3, size/record: 4, table size: 12
	index: 0, handler: __TI_decompress_lzss
	index: 1, handler: __TI_decompress_none
	index: 2, handler: __TI_zero_init


GLOBAL SYMBOLS: SORTED ALPHABETICALLY BY Name 

address   name                           
-------   ----                           
00002e05  C$$EXIT                        
0000340d  GPIODirModeSet                 
00000f39  GPIOPadConfigSet               
00002fdd  GPIOPinConfigure               
000034db  GPIOPinTypeGPIOOutput          
0000359d  GPIOPinWrite                   
2000c900  QHandle                        
000035a3  ResetISR                       
UNDEFED   SHT$$INIT_ARRAY$$Base          
UNDEFED   SHT$$INIT_ARRAY$$Limit         
00000201  SysCtlClockFreqSet             
000032e5  SysCtlPeripheralEnable         
0000323d  SysCtlPeripheralReady          
2000c904  Task1Handle                    
2000c908  Task2Handle                    
2000c90c  Task3Handle                    
00003275  UARTSend                       
2000cb14  __STACK_END                    
00000200  __STACK_SIZE                   
2000cb14  __STACK_TOP                    
000038e0  __TI_CINIT_Base                
000038f0  __TI_CINIT_Limit               
000038cc  __TI_Handler_Table_Base        
000038d8  __TI_Handler_Table_Limit       
00002851  __TI_auto_init                 
2000cb60  __TI_cleanup_ptr               
000028c1  __TI_decompress_lzss           
00003569  __TI_decompress_none           
2000cb64  __TI_dtors_ptr                 
2000cb68  __TI_enable_exit_profile_output
ffffffff  __TI_pprof_out_hndl            
ffffffff  __TI_prof_data_size            
ffffffff  __TI_prof_data_start           
00000000  __TI_static_base__             
00003577  __TI_zero_init                 
00002515  __aeabi_memclr                 
00002515  __aeabi_memclr4                
00002515  __aeabi_memclr8                
00002029  __aeabi_memcpy                 
00002029  __aeabi_memcpy4                
00002029  __aeabi_memcpy8                
00002517  __aeabi_memset                 
00002517  __aeabi_memset4                
00002517  __aeabi_memset8                
ffffffff  __binit__                      
ffffffff  __c_args__                     
00001f7f  __mpu_init                     
2000c914  __stack                        
000034f5  _args_main                     
00002db1  _c_int00                       
2000cb78  _lock                          
0000352f  _nop                           
00003527  _register_lock                 
00003521  _register_unlock               
00002b2f  _system_post_cinit             
000035a9  _system_pre_init               
2000cb7c  _unlock                        
00002e09  abort                          
ffffffff  binit                          
00002f45  copy_in                        
00002ca9  eTaskConfirmSleepModeStatus    
00002e11  exit                           
00000000  g_pfnVectors                   
2000c910  g_ui32SysClock                 
00000731  main                           
2000cb88  main_func_sp                   
00002029  memcpy                         
0000251d  memset                         
0000241d  pvPortMalloc                   
2000cb14  pxCurrentTCB                   
00002b91  pxPortInitialiseStack          
000038a8  ulMaxSyscallInterruptPriority  
000016ad  ulPortGetIPSR                  
0000306d  uxListRemove                   
00003381  vListInitialise                
00003549  vListInitialiseItem            
00002ac9  vListInsert                    
00003201  vListInsertEnd                 
00003583  vMainAssertCalled              
00001769  vPortEnableVFP                 
00002681  vPortEnterCritical             
00002bf1  vPortExitCritical              
000030fd  vPortFree                      
00001725  vPortSVCHandler                
00002d01  vPortSetupTimerInterrupt       
00001745  vPortStartFirstTask            
000008a5  vPortSuppressTicksAndSleep     
00002161  vPortValidateInterruptPriority 
00002c4d  vQueueWaitForMessageRestricted 
00002991  vTask1                         
000029f9  vTask2                         
0000106d  vTask3                         
0000345d  vTaskInternalSetTimeOutState   
00003591  vTaskMissedYield               
00002f91  vTaskPlaceOnEventList          
00002d59  vTaskPlaceOnEventListRestricted
00001c19  vTaskResume                    
00001f81  vTaskStartScheduler            
00002e59  vTaskStepTick                  
00001189  vTaskSuspend                   
00003559  vTaskSuspendAll                
00001d7d  vTaskSwitchContext             
000016c5  xPortPendSVHandler             
000014b1  xPortStartScheduler            
000033e1  xPortSysTickHandler            
00002499  xQueueGenericCreate            
00001849  xQueueGenericReset             
000003ed  xQueueGenericSend              
000013a5  xQueueGenericSendFromISR       
000005a9  xQueueReceive                  
000019d9  xTaskCheckForTimeOut           
0000258f  xTaskCreate                    
00000cc9  xTaskGenericNotify             
000033b1  xTaskGetSchedulerState         
00003535  xTaskGetTickCount              
00000a11  xTaskIncrementTick             
00001e29  xTaskNotifyWait                
000015ad  xTaskPriorityDisinherit        
00001a99  xTaskRemoveFromEventList       
00000e05  xTaskResumeAll                 
0000334d  xTimerCreate                   
00002a61  xTimerCreateTimerTask          
000020c5  xTimerGenericCommand           


GLOBAL SYMBOLS: SORTED BY Symbol Address 

address   name                           
-------   ----                           
00000000  __TI_static_base__             
00000000  g_pfnVectors                   
00000200  __STACK_SIZE                   
00000201  SysCtlClockFreqSet             
000003ed  xQueueGenericSend              
000005a9  xQueueReceive                  
00000731  main                           
000008a5  vPortSuppressTicksAndSleep     
00000a11  xTaskIncrementTick             
00000cc9  xTaskGenericNotify             
00000e05  xTaskResumeAll                 
00000f39  GPIOPadConfigSet               
0000106d  vTask3                         
00001189  vTaskSuspend                   
000013a5  xQueueGenericSendFromISR       
000014b1  xPortStartScheduler            
000015ad  xTaskPriorityDisinherit        
000016ad  ulPortGetIPSR                  
000016c5  xPortPendSVHandler             
00001725  vPortSVCHandler                
00001745  vPortStartFirstTask            
00001769  vPortEnableVFP                 
00001849  xQueueGenericReset             
000019d9  xTaskCheckForTimeOut           
00001a99  xTaskRemoveFromEventList       
00001c19  vTaskResume                    
00001d7d  vTaskSwitchContext             
00001e29  xTaskNotifyWait                
00001f7f  __mpu_init                     
00001f81  vTaskStartScheduler            
00002029  __aeabi_memcpy                 
00002029  __aeabi_memcpy4                
00002029  __aeabi_memcpy8                
00002029  memcpy                         
000020c5  xTimerGenericCommand           
00002161  vPortValidateInterruptPriority 
0000241d  pvPortMalloc                   
00002499  xQueueGenericCreate            
00002515  __aeabi_memclr                 
00002515  __aeabi_memclr4                
00002515  __aeabi_memclr8                
00002517  __aeabi_memset                 
00002517  __aeabi_memset4                
00002517  __aeabi_memset8                
0000251d  memset                         
0000258f  xTaskCreate                    
00002681  vPortEnterCritical             
00002851  __TI_auto_init                 
000028c1  __TI_decompress_lzss           
00002991  vTask1                         
000029f9  vTask2                         
00002a61  xTimerCreateTimerTask          
00002ac9  vListInsert                    
00002b2f  _system_post_cinit             
00002b91  pxPortInitialiseStack          
00002bf1  vPortExitCritical              
00002c4d  vQueueWaitForMessageRestricted 
00002ca9  eTaskConfirmSleepModeStatus    
00002d01  vPortSetupTimerInterrupt       
00002d59  vTaskPlaceOnEventListRestricted
00002db1  _c_int00                       
00002e05  C$$EXIT                        
00002e09  abort                          
00002e11  exit                           
00002e59  vTaskStepTick                  
00002f45  copy_in                        
00002f91  vTaskPlaceOnEventList          
00002fdd  GPIOPinConfigure               
0000306d  uxListRemove                   
000030fd  vPortFree                      
00003201  vListInsertEnd                 
0000323d  SysCtlPeripheralReady          
00003275  UARTSend                       
000032e5  SysCtlPeripheralEnable         
0000334d  xTimerCreate                   
00003381  vListInitialise                
000033b1  xTaskGetSchedulerState         
000033e1  xPortSysTickHandler            
0000340d  GPIODirModeSet                 
0000345d  vTaskInternalSetTimeOutState   
000034db  GPIOPinTypeGPIOOutput          
000034f5  _args_main                     
00003521  _register_unlock               
00003527  _register_lock                 
0000352f  _nop                           
00003535  xTaskGetTickCount              
00003549  vListInitialiseItem            
00003559  vTaskSuspendAll                
00003569  __TI_decompress_none           
00003577  __TI_zero_init                 
00003583  vMainAssertCalled              
00003591  vTaskMissedYield               
0000359d  GPIOPinWrite                   
000035a3  ResetISR                       
000035a9  _system_pre_init               
000038a8  ulMaxSyscallInterruptPriority  
000038cc  __TI_Handler_Table_Base        
000038d8  __TI_Handler_Table_Limit       
000038e0  __TI_CINIT_Base                
000038f0  __TI_CINIT_Limit               
2000c900  QHandle                        
2000c904  Task1Handle                    
2000c908  Task2Handle                    
2000c90c  Task3Handle                    
2000c910  g_ui32SysClock                 
2000c914  __stack                        
2000cb14  __STACK_END                    
2000cb14  __STACK_TOP                    
2000cb14  pxCurrentTCB                   
2000cb60  __TI_cleanup_ptr               
2000cb64  __TI_dtors_ptr                 
2000cb68  __TI_enable_exit_profile_output
2000cb78  _lock                          
2000cb7c  _unlock                        
2000cb88  main_func_sp                   
ffffffff  __TI_pprof_out_hndl            
ffffffff  __TI_prof_data_size            
ffffffff  __TI_prof_data_start           
ffffffff  __binit__                      
ffffffff  __c_args__                     
ffffffff  binit                          
UNDEFED   SHT$$INIT_ARRAY$$Base          
UNDEFED   SHT$$INIT_ARRAY$$Limit         

[123 symbols]
