******************************************************************************
                  TI ARM Linker PC v16.9.7                     
******************************************************************************
>> Linked Sun Apr 08 11:18:53 2018

OUTPUT FILE NAME:   <prob3.out>
ENTRY POINT SYMBOL: "_c_int00"  address: 00001d05


MEMORY CONFIGURATION

         name            origin    length      used     unused   attr    fill
----------------------  --------  ---------  --------  --------  ----  --------
  FLASH                 00000000   00100000  00002626  000fd9da  R  X
  SRAM                  20000000   00040000  0000cb80  00033480  RW X


SEGMENT ALLOCATION MAP

run origin  load origin   length   init length attrs members
----------  ----------- ---------- ----------- ----- -------
00000000    00000000    00002628   00002628    r-x
  00000000    00000000    00000200   00000200    r-- .intvecs
  00000200    00000200    000023ce   000023ce    r-x .text
  000025d0    000025d0    00000018   00000018    r-- .const
  000025e8    000025e8    00000040   00000040    r-- .cinit
20000000    20000000    0000cb80   00000000    rw-
  20000000    20000000    0000c908   00000000    rw- .bss
  2000c908    2000c908    00000200   00000000    rw- .stack
  2000cb08    2000cb08    00000078   00000000    rw- .data


SECTION ALLOCATION MAP

 output                                  attributes/
section   page    origin      length       input sections
--------  ----  ----------  ----------   ----------------
.intvecs   0    00000000    00000200     
                  00000000    00000200     startup_ccs.obj (.intvecs)

.text      0    00000200    000023ce     
                  00000200    00000158     queue.obj (.text:xQueueGenericSend)
                  00000358    00000148     queue.obj (.text:xQueueReceive)
                  000004a0    00000134     tasks.obj (.text:xTaskIncrementTick)
                  000005d4    00000132     driverlib.lib : gpio.obj (.text:GPIOPadConfigSet)
                  00000706    00000002     startup_ccs.obj (.text:FaultISR)
                  00000708    00000108     main.obj (.text:main)
                  00000810    00000108     tasks.obj (.text:xTaskResumeAll)
                  00000918    000000f0     timers.obj (.text:prvProcessReceivedCommands)
                  00000a08    000000ec     tasks.obj (.text:vTaskSuspend)
                  00000af4    000000e8     port.obj (.text:vPortSuppressTicksAndSleep)
                  00000bdc    000000da     portasm.obj (.text)
                  00000cb6    00000002     startup_ccs.obj (.text:IntDefaultHandler)
                  00000cb8    000000d4     port.obj (.text:xPortStartScheduler)
                  00000d8c    000000c0     tasks.obj (.text:xTaskPriorityDisinherit)
                  00000e4c    000000bf     queue.obj (.text:xQueueGenericSendFromISR)
                  00000f0b    00000001     --HOLE-- [fill = 0]
                  00000f0c    000000b0     tasks.obj (.text:prvAddNewTaskToReadyList)
                  00000fbc    000000a8     queue.obj (.text:xQueueGenericReset)
                  00001064    000000a0     tasks.obj (.text:xTaskRemoveFromEventList)
                  00001104    0000009c     rtsv7M4_T_le_v4SPD16_eabi.lib : memcpy_t2.obj (.text)
                  000011a0    0000009c     tasks.obj (.text:vTaskResume)
                  0000123c    00000094     tasks.obj (.text:prvAddCurrentTaskToDelayedList)
                  000012d0    00000094     tasks.obj (.text:vTaskStartScheduler)
                  00001364    0000008c     tasks.obj (.text:vTaskSwitchContext)
                  000013f0    0000008c     tasks.obj (.text:xTaskCheckForTimeOut)
                  0000147c    0000008a     tasks.obj (.text:prvInitialiseNewTask)
                  00001506    00000002     startup_ccs.obj (.text:NmiSR)
                  00001508    00000088     timers.obj (.text:prvSwitchTimerLists)
                  00001590    00000084     tasks.obj (.text:prvIdleTask)
                  00001614    00000084     port.obj (.text:vPortValidateInterruptPriority)
                  00001698    0000007a     rtsv7M4_T_le_v4SPD16_eabi.lib : memset_t2.obj (.text)
                  00001712    00000002                                   : mpu_init.obj (.text)
                  00001714    00000078     timers.obj (.text:xTimerGenericCommand)
                  0000178c    00000076     queue.obj (.text:prvCopyDataToQueue)
                  00001802    00000002     rtsv7M4_T_le_v4SPD16_eabi.lib : startup.obj (.text)
                  00001804    00000070     timers.obj (.text:prvProcessExpiredTimer)
                  00001874    00000070     timers.obj (.text:prvProcessTimerOrBlockTask)
                  000018e4    00000070     rtsv7M4_T_le_v4SPD16_eabi.lib : autoinit.obj (.text)
                  00001954    00000068                                   : copy_decompress_lzss.obj (.text:decompress:lzss)
                  000019bc    00000068     port.obj (.text:vPortEnterCritical)
                  00001a24    00000068     timers.obj (.text:xTimerCreateTimerTask)
                  00001a8c    00000060     tasks.obj (.text:prvInitialiseTaskLists)
                  00001aec    0000005e     queue.obj (.text:prvUnlockQueue)
                  00001b4a    0000005e     tasks.obj (.text:xTaskCreate)
                  00001ba8    00000058     port.obj (.text:prvTaskExitError)
                  00001c00    00000058     port.obj (.text:vPortExitCritical)
                  00001c58    00000057     queue.obj (.text:xQueueGenericCreate)
                  00001caf    00000001     --HOLE-- [fill = 0]
                  00001cb0    00000054     timers.obj (.text:prvInitialiseNewTimer)
                  00001d04    00000054     rtsv7M4_T_le_v4SPD16_eabi.lib : boot.obj (.text)
                  00001d58    00000054                                   : exit.obj (.text)
                  00001dac    00000050     heap_1.obj (.text:pvPortMalloc)
                  00001dfc    00000050     tasks.obj (.text:vTaskPlaceOnEventListRestricted)
                  00001e4c    0000004c     timers.obj (.text:prvCheckForValidListAndQueue)
                  00001e98    0000004c     tasks.obj (.text:prvTaskIsTaskSuspended)
                  00001ee4    0000004c     rtsv7M4_T_le_v4SPD16_eabi.lib : cpy_tbl.obj (.text)
                  00001f30    00000048     queue.obj (.text:vQueueWaitForMessageRestricted)
                  00001f78    00000048     main.obj (.text:vTask1)
                  00001fc0    00000048     main.obj (.text:vTask2)
                  00002008    00000048     tasks.obj (.text:vTaskPlaceOnEventList)
                  00002050    00000048     tasks.obj (.text:vTaskStepTick)
                  00002098    00000044     tasks.obj (.text:prvCheckTasksWaitingTermination)
                  000020dc    00000044     tasks.obj (.text:prvGetExpectedIdleTime)
                  00002120    00000044     timers.obj (.text:prvInsertTimerInActiveList)
                  00002164    0000003c     port.obj (.text:vPortSetupTimerInterrupt)
                  000021a0    00000039     heap_1.obj (.text:vPortFree)
                  000021d9    00000003     --HOLE-- [fill = 0]
                  000021dc    00000038     driverlib.lib : sysctl.obj (.text:SysCtlPeripheralReady)
                  00002214    00000038     list.obj (.text:vListInsert)
                  0000224c    00000034     driverlib.lib : sysctl.obj (.text:SysCtlPeripheralEnable)
                  00002280    00000034     tasks.obj (.text:eTaskConfirmSleepModeStatus)
                  000022b4    0000002e     timers.obj (.text:xTimerCreate)
                  000022e2    00000002     --HOLE-- [fill = 0]
                  000022e4    0000002c     port.obj (.text:pxPortInitialiseStack)
                  00002310    0000002c     port.obj (.text:xPortSysTickHandler)
                  0000233c    0000002a     driverlib.lib : gpio.obj (.text:GPIODirModeSet)
                  00002366    00000002     --HOLE-- [fill = 0]
                  00002368    00000028     tasks.obj (.text:prvResetNextTaskUnblockTime)
                  00002390    00000028     timers.obj (.text:prvSampleTimeNow)
                  000023b8    00000026     queue.obj (.text:prvCopyDataFromQueue)
                  000023de    00000026     list.obj (.text:uxListRemove)
                  00002404    00000024     queue.obj (.text:prvInitialiseNewQueue)
                  00002428    00000020     timers.obj (.text:prvGetNextExpireTime)
                  00002448    00000020     tasks.obj (.text:xTaskGetSchedulerState)
                  00002468    0000001c     queue.obj (.text:prvIsQueueFull)
                  00002484    0000001a     queue.obj (.text:prvIsQueueEmpty)
                  0000249e    00000018     driverlib.lib : gpio.obj (.text:GPIOPinTypeGPIOOutput)
                  000024b6    00000002     --HOLE-- [fill = 0]
                  000024b8    00000018     rtsv7M4_T_le_v4SPD16_eabi.lib : args_main.obj (.text)
                  000024d0    00000018     list.obj (.text:vListInsertEnd)
                  000024e8    00000018     tasks.obj (.text:vTaskInternalSetTimeOutState)
                  00002500    00000016     list.obj (.text:vListInitialise)
                  00002516    00000014     timers.obj (.text:prvTimerTask)
                  0000252a    00000002     --HOLE-- [fill = 0]
                  0000252c    00000014     rtsv7M4_T_le_v4SPD16_eabi.lib : _lock.obj (.text)
                  00002540    00000012     tasks.obj (.text:prvDeleteTCB)
                  00002552    00000002     --HOLE-- [fill = 0]
                  00002554    00000010     tasks.obj (.text:vTaskSuspendAll)
                  00002564    0000000e     rtsv7M4_T_le_v4SPD16_eabi.lib : copy_decompress_none.obj (.text:decompress:none)
                  00002572    0000000c                                   : copy_zero_init.obj (.text:decompress:ZI)
                  0000257e    00000002     --HOLE-- [fill = 0]
                  00002580    0000000c     tasks.obj (.text:vTaskMissedYield)
                  0000258c    0000000c     main.obj (.text:vTimer2hzCallbackFunction)
                  00002598    0000000c     main.obj (.text:vTimer4hzCallbackFunction)
                  000025a4    0000000c     tasks.obj (.text:xTaskGetTickCount)
                  000025b0    00000008     callbacks.obj (.text:vMainAssertCalled)
                  000025b8    00000006     driverlib.lib : gpio.obj (.text:GPIOPinWrite)
                  000025be    00000006     startup_ccs.obj (.text:ResetISR)
                  000025c4    00000006     list.obj (.text:vListInitialiseItem)
                  000025ca    00000004     rtsv7M4_T_le_v4SPD16_eabi.lib : pre_init.obj (.text)

.const     0    000025d0    00000018     
                  000025d0    00000010     main.obj (.const)
                  000025e0    00000008     port.obj (.const)

.cinit     0    000025e8    00000040     
                  000025e8    0000001c     (.cinit..data.load) [load image, compression = lzss]
                  00002604    0000000c     (__TI_handler_table)
                  00002610    00000008     (.cinit..bss.load) [load image, compression = zero_init]
                  00002618    00000010     (__TI_cinit_table)

.init_array 
*          0    00000000    00000000     UNINITIALIZED

.bss       0    20000000    0000c908     UNINITIALIZED
                  20000000    0000c800     heap_1.obj (.bss:ucHeap)
                  2000c800    00000064     tasks.obj (.bss:pxReadyTasksLists)
                  2000c864    00000014     timers.obj (.bss:xActiveTimerList1)
                  2000c878    00000014     timers.obj (.bss:xActiveTimerList2)
                  2000c88c    00000014     tasks.obj (.bss:xDelayedTaskList1)
                  2000c8a0    00000014     tasks.obj (.bss:xDelayedTaskList2)
                  2000c8b4    00000014     tasks.obj (.bss:xPendingReadyList)
                  2000c8c8    00000014     tasks.obj (.bss:xSuspendedTaskList)
                  2000c8dc    00000014     tasks.obj (.bss:xTasksWaitingTermination)
                  2000c8f0    00000008     tasks.obj (.bss)
                  2000c8f8    00000008     timers.obj (.bss)
                  2000c900    00000004     (.common:Task1Handle)
                  2000c904    00000004     (.common:Task2Handle)

.stack     0    2000c908    00000200     UNINITIALIZED
                  2000c908    00000200     --HOLE--

.data      0    2000cb08    00000078     UNINITIALIZED
                  2000cb08    00000034     tasks.obj (.data)
                  2000cb3c    00000018     port.obj (.data)
                  2000cb54    0000000c     rtsv7M4_T_le_v4SPD16_eabi.lib : exit.obj (.data:$O1$$)
                  2000cb60    0000000c     timers.obj (.data)
                  2000cb6c    00000008     rtsv7M4_T_le_v4SPD16_eabi.lib : _lock.obj (.data:$O1$$)
                  2000cb74    00000008     heap_1.obj (.data)
                  2000cb7c    00000004     rtsv7M4_T_le_v4SPD16_eabi.lib : stkdepth_vars.obj (.data)

MODULE SUMMARY

       Module                     code   ro data   rw data
       ------                     ----   -------   -------
    .\
       startup_ccs.obj            12     512       0      
       main.obj                   432    16        8      
       callbacks.obj              8      0         0      
    +--+--------------------------+------+---------+---------+
       Total:                     452    528       8      
                                                          
    .\FreeRTOS\Source\
       tasks.obj                  3170   0         260    
       queue.obj                  1530   0         0      
       timers.obj                 1190   0         60     
       list.obj                   146    0         0      
    +--+--------------------------+------+---------+---------+
       Total:                     6036   0         320    
                                                          
    .\FreeRTOS\Source\portable\CCS\ARM_CM4F\
       port.obj                   1004   8         24     
       portasm.obj                218    0         0      
    +--+--------------------------+------+---------+---------+
       Total:                     1222   8         24     
                                                          
    .\FreeRTOS\Source\portable\MemMang\
       heap_1.obj                 137    0         51208  
    +--+--------------------------+------+---------+---------+
       Total:                     137    0         51208  
                                                          
    C:/ti/TivaWare_C_Series-2.1.3.156/driverlib/ccs/Debug/driverlib.lib
       gpio.obj                   378    0         0      
       sysctl.obj                 108    0         0      
    +--+--------------------------+------+---------+---------+
       Total:                     486    0         0      
                                                          
    C:\ti\ccsv8\tools\compiler\ti-cgt-arm_16.9.7.LTS\lib\rtsv7M4_T_le_v4SPD16_eabi.lib
       memcpy_t2.obj              156    0         0      
       memset_t2.obj              122    0         0      
       autoinit.obj               112    0         0      
       copy_decompress_lzss.obj   104    0         0      
       exit.obj                   84     0         12     
       boot.obj                   84     0         0      
       cpy_tbl.obj                76     0         0      
       _lock.obj                  20     0         8      
       args_main.obj              24     0         0      
       copy_decompress_none.obj   14     0         0      
       copy_zero_init.obj         12     0         0      
       pre_init.obj               4      0         0      
       stkdepth_vars.obj          0      0         4      
       mpu_init.obj               2      0         0      
       startup.obj                2      0         0      
    +--+--------------------------+------+---------+---------+
       Total:                     816    0         24     
                                                          
       Stack:                     0      0         512    
       Linker Generated:          0      64        0      
    +--+--------------------------+------+---------+---------+
       Grand Total:               9149   600       52096  


LINKER GENERATED COPY TABLES

__TI_cinit_table @ 00002618 records: 2, size/record: 8, table size: 16
	.data: load addr=000025e8, load size=0000001c bytes, run addr=2000cb08, run size=00000078 bytes, compression=lzss
	.bss: load addr=00002610, load size=00000008 bytes, run addr=20000000, run size=0000c908 bytes, compression=zero_init


LINKER GENERATED HANDLER TABLE

__TI_handler_table @ 00002604 records: 3, size/record: 4, table size: 12
	index: 0, handler: __TI_decompress_lzss
	index: 1, handler: __TI_decompress_none
	index: 2, handler: __TI_zero_init


GLOBAL SYMBOLS: SORTED ALPHABETICALLY BY Name 

address   name                           
-------   ----                           
00001d59  C$$EXIT                        
0000233d  GPIODirModeSet                 
000005d5  GPIOPadConfigSet               
0000249f  GPIOPinTypeGPIOOutput          
000025b9  GPIOPinWrite                   
000025bf  ResetISR                       
UNDEFED   SHT$$INIT_ARRAY$$Base          
UNDEFED   SHT$$INIT_ARRAY$$Limit         
0000224d  SysCtlPeripheralEnable         
000021dd  SysCtlPeripheralReady          
2000c900  Task1Handle                    
2000c904  Task2Handle                    
2000cb08  __STACK_END                    
00000200  __STACK_SIZE                   
2000cb08  __STACK_TOP                    
00002618  __TI_CINIT_Base                
00002628  __TI_CINIT_Limit               
00002604  __TI_Handler_Table_Base        
00002610  __TI_Handler_Table_Limit       
000018e5  __TI_auto_init                 
2000cb54  __TI_cleanup_ptr               
00001955  __TI_decompress_lzss           
00002565  __TI_decompress_none           
2000cb58  __TI_dtors_ptr                 
2000cb5c  __TI_enable_exit_profile_output
ffffffff  __TI_pprof_out_hndl            
ffffffff  __TI_prof_data_size            
ffffffff  __TI_prof_data_start           
00000000  __TI_static_base__             
00002573  __TI_zero_init                 
00001699  __aeabi_memclr                 
00001699  __aeabi_memclr4                
00001699  __aeabi_memclr8                
00001105  __aeabi_memcpy                 
00001105  __aeabi_memcpy4                
00001105  __aeabi_memcpy8                
0000169b  __aeabi_memset                 
0000169b  __aeabi_memset4                
0000169b  __aeabi_memset8                
ffffffff  __binit__                      
ffffffff  __c_args__                     
00001713  __mpu_init                     
2000c908  __stack                        
000024b9  _args_main                     
00001d05  _c_int00                       
2000cb6c  _lock                          
0000253b  _nop                           
00002533  _register_lock                 
0000252d  _register_unlock               
00001803  _system_post_cinit             
000025cb  _system_pre_init               
2000cb70  _unlock                        
00001d5d  abort                          
ffffffff  binit                          
00001ee5  copy_in                        
00002281  eTaskConfirmSleepModeStatus    
00001d65  exit                           
00000000  g_pfnVectors                   
00000709  main                           
2000cb7c  main_func_sp                   
00001105  memcpy                         
000016a1  memset                         
00001dad  pvPortMalloc                   
2000cb08  pxCurrentTCB                   
000022e5  pxPortInitialiseStack          
000025e0  ulMaxSyscallInterruptPriority  
00000bed  ulPortGetIPSR                  
000023df  uxListRemove                   
00002501  vListInitialise                
000025c5  vListInitialiseItem            
00002215  vListInsert                    
000024d1  vListInsertEnd                 
000025b1  vMainAssertCalled              
00000ca9  vPortEnableVFP                 
000019bd  vPortEnterCritical             
00001c01  vPortExitCritical              
000021a1  vPortFree                      
00000c65  vPortSVCHandler                
00002165  vPortSetupTimerInterrupt       
00000c85  vPortStartFirstTask            
00000af5  vPortSuppressTicksAndSleep     
00001615  vPortValidateInterruptPriority 
00001f31  vQueueWaitForMessageRestricted 
00001f79  vTask1                         
00001fc1  vTask2                         
000024e9  vTaskInternalSetTimeOutState   
00002581  vTaskMissedYield               
00002009  vTaskPlaceOnEventList          
00001dfd  vTaskPlaceOnEventListRestricted
000011a1  vTaskResume                    
000012d1  vTaskStartScheduler            
00002051  vTaskStepTick                  
00000a09  vTaskSuspend                   
00002555  vTaskSuspendAll                
00001365  vTaskSwitchContext             
00000c05  xPortPendSVHandler             
00000cb9  xPortStartScheduler            
00002311  xPortSysTickHandler            
00001c59  xQueueGenericCreate            
00000fbd  xQueueGenericReset             
00000201  xQueueGenericSend              
00000e4d  xQueueGenericSendFromISR       
00000359  xQueueReceive                  
000013f1  xTaskCheckForTimeOut           
00001b4b  xTaskCreate                    
00002449  xTaskGetSchedulerState         
000025a5  xTaskGetTickCount              
000004a1  xTaskIncrementTick             
00000d8d  xTaskPriorityDisinherit        
00001065  xTaskRemoveFromEventList       
00000811  xTaskResumeAll                 
000022b5  xTimerCreate                   
00001a25  xTimerCreateTimerTask          
00001715  xTimerGenericCommand           


GLOBAL SYMBOLS: SORTED BY Symbol Address 

address   name                           
-------   ----                           
00000000  __TI_static_base__             
00000000  g_pfnVectors                   
00000200  __STACK_SIZE                   
00000201  xQueueGenericSend              
00000359  xQueueReceive                  
000004a1  xTaskIncrementTick             
000005d5  GPIOPadConfigSet               
00000709  main                           
00000811  xTaskResumeAll                 
00000a09  vTaskSuspend                   
00000af5  vPortSuppressTicksAndSleep     
00000bed  ulPortGetIPSR                  
00000c05  xPortPendSVHandler             
00000c65  vPortSVCHandler                
00000c85  vPortStartFirstTask            
00000ca9  vPortEnableVFP                 
00000cb9  xPortStartScheduler            
00000d8d  xTaskPriorityDisinherit        
00000e4d  xQueueGenericSendFromISR       
00000fbd  xQueueGenericReset             
00001065  xTaskRemoveFromEventList       
00001105  __aeabi_memcpy                 
00001105  __aeabi_memcpy4                
00001105  __aeabi_memcpy8                
00001105  memcpy                         
000011a1  vTaskResume                    
000012d1  vTaskStartScheduler            
00001365  vTaskSwitchContext             
000013f1  xTaskCheckForTimeOut           
00001615  vPortValidateInterruptPriority 
00001699  __aeabi_memclr                 
00001699  __aeabi_memclr4                
00001699  __aeabi_memclr8                
0000169b  __aeabi_memset                 
0000169b  __aeabi_memset4                
0000169b  __aeabi_memset8                
000016a1  memset                         
00001713  __mpu_init                     
00001715  xTimerGenericCommand           
00001803  _system_post_cinit             
000018e5  __TI_auto_init                 
00001955  __TI_decompress_lzss           
000019bd  vPortEnterCritical             
00001a25  xTimerCreateTimerTask          
00001b4b  xTaskCreate                    
00001c01  vPortExitCritical              
00001c59  xQueueGenericCreate            
00001d05  _c_int00                       
00001d59  C$$EXIT                        
00001d5d  abort                          
00001d65  exit                           
00001dad  pvPortMalloc                   
00001dfd  vTaskPlaceOnEventListRestricted
00001ee5  copy_in                        
00001f31  vQueueWaitForMessageRestricted 
00001f79  vTask1                         
00001fc1  vTask2                         
00002009  vTaskPlaceOnEventList          
00002051  vTaskStepTick                  
00002165  vPortSetupTimerInterrupt       
000021a1  vPortFree                      
000021dd  SysCtlPeripheralReady          
00002215  vListInsert                    
0000224d  SysCtlPeripheralEnable         
00002281  eTaskConfirmSleepModeStatus    
000022b5  xTimerCreate                   
000022e5  pxPortInitialiseStack          
00002311  xPortSysTickHandler            
0000233d  GPIODirModeSet                 
000023df  uxListRemove                   
00002449  xTaskGetSchedulerState         
0000249f  GPIOPinTypeGPIOOutput          
000024b9  _args_main                     
000024d1  vListInsertEnd                 
000024e9  vTaskInternalSetTimeOutState   
00002501  vListInitialise                
0000252d  _register_unlock               
00002533  _register_lock                 
0000253b  _nop                           
00002555  vTaskSuspendAll                
00002565  __TI_decompress_none           
00002573  __TI_zero_init                 
00002581  vTaskMissedYield               
000025a5  xTaskGetTickCount              
000025b1  vMainAssertCalled              
000025b9  GPIOPinWrite                   
000025bf  ResetISR                       
000025c5  vListInitialiseItem            
000025cb  _system_pre_init               
000025e0  ulMaxSyscallInterruptPriority  
00002604  __TI_Handler_Table_Base        
00002610  __TI_Handler_Table_Limit       
00002618  __TI_CINIT_Base                
00002628  __TI_CINIT_Limit               
2000c900  Task1Handle                    
2000c904  Task2Handle                    
2000c908  __stack                        
2000cb08  __STACK_END                    
2000cb08  __STACK_TOP                    
2000cb08  pxCurrentTCB                   
2000cb54  __TI_cleanup_ptr               
2000cb58  __TI_dtors_ptr                 
2000cb5c  __TI_enable_exit_profile_output
2000cb6c  _lock                          
2000cb70  _unlock                        
2000cb7c  main_func_sp                   
ffffffff  __TI_pprof_out_hndl            
ffffffff  __TI_prof_data_size            
ffffffff  __TI_prof_data_start           
ffffffff  __binit__                      
ffffffff  __c_args__                     
ffffffff  binit                          
UNDEFED   SHT$$INIT_ARRAY$$Base          
UNDEFED   SHT$$INIT_ARRAY$$Limit         

[114 symbols]
